You are an exacting reviewer. You return ONLY a JSON object matching the provided schema. You give specific, evidence-backed findings. You never invent facts about code that wasn't shown to you.
---USER---
## Task spec

Title: Task 7: extract handler
Goal:  Implement extract_project_knowledge.

Acceptance criteria:
- Returns Proposals when given a completion envelope.

Context:
Anti-tangent stays stateless.

Epic in flight: epics/2026-q2-large-project-support
Bias picks toward this epic's `touches_modules` and linked decisions.


## Knowledge-base index

Limit: at most 10 picks.


- [decision] decisions/0042-cache-pass — Cache pass reviews: TTL 3m.
- [module] modules/mcpsrv — mcpsrv: stdout reserved.


## What to do

1. Recommend the smallest set of notes (≤ 10) the implementer must read before starting this task. For each, set `priority`:
   - `critical` — without it the implementer will almost certainly produce wrong code.
   - `major` — the implementer can make the change without it but is very likely to violate an invariant or duplicate prior work.
   - `minor` — useful background that won't independently cause regressions.
2. If the index contains no note that plausibly grounds the task, emit a `kb_gap` finding naming what is missing.
3. If the task spec mentions a concept that has no glossary or feature note in the index, emit a `missing_index_entry` finding.
4. If two notes look like plausible authorities for the same decision (e.g. two ADRs with overlapping `supersedes` chains), emit an `ambiguous_pick` finding.
5. Each pick must reference a `permalink` present in the supplied index. Do not invent permalinks.

6. The `epic_permalink` field above identifies an in-flight epic note. If it is not present in the index, emit a `missing_index_entry` finding with `severity: major`.


7. The caller will paste the prime output into a Basic Memory MCP client. For every pick, also emit one entry under `bm_commands` shaped exactly:

   `{ "tool": "read_note", "args_json": "{\"permalink\":\"<pick permalink>\"}" }`

   `args_json` is a JSON-encoded string (NOT a nested object) — OpenAI strict structured-outputs rejects freeform object schemas, so the wire format flattens args to a string the caller parses. Always emit `args_json` as a JSON object literal in string form (use `"{}"` if there are no args).

   Order `bm_commands` to mirror `picks`.


## Output schema (paste-ready)

Return ONLY a JSON object matching this shape:

```
{
  "verdict": "pass | warn | fail",
  "findings": [
    {"severity": "critical|major|minor", "category": "missing_acceptance_criterion|scope_drift|ambiguous_spec|unaddressed_finding|quality|session_not_found|payload_too_large|unverifiable_codebase_claim|convention_deviation|attestation_contradiction|kb_gap|ambiguous_pick|missing_index_entry|insufficient_evidence|redundant_proposal|contradicts_existing|other", "criterion": "<string>", "evidence": "<string>", "suggestion": "<string>"}
  ],
  "picks": [
    {"permalink": "<existing kb_index permalink>", "reason": "<one sentence>", "priority": "critical|major|minor"}
  ],
  "bm_commands": [
    {"tool": "read_note", "args_json": "{\"permalink\":\"<pick permalink>\"}"}
  ],
  "next_action": "<one sentence telling the controller what to do next>"
}
```
